00 cycle00-baseline-no-stimulus: capture only
00 cycle00-baseline-no-stimulus: window sha256=38fead7dc6eead8583dd484bfa8294776b23f341ea03c5550befb79e6f9e642a
01 cycle00-inquiry-standard-96: stimulus rc=0 good=True len=96
01 cycle00-inquiry-standard-96: window sha256=0702510e31692f1aa76885401362b08d84b0bd6706ea00e5ee9199ded9974615
02 cycle00-inquiry-extrainq: stimulus rc=0 good=True len=176
02 cycle00-inquiry-extrainq: window sha256=fc90d7b7e671470d3109ff949f435314a60c05a9cde18569fdbe28c181ac2888
03 cycle00-get-configuration-current: stimulus rc=0 good=True len=60
03 cycle00-get-configuration-current: window sha256=83641647fe6b76281a9025712b165a764e2447a5fcd2584374a2435eab8c598d
04 cycle00-get-configuration-all: stimulus rc=0 good=True len=252
04 cycle00-get-configuration-all: window sha256=f0fe647125ac8ccc903bb00e444887c9b01a2a7301bf65ddc884a7490fdc1e3e
05 cycle00-mode-sense10-read-error-recovery: stimulus rc=0 good=True len=20
05 cycle00-mode-sense10-read-error-recovery: window sha256=e58a0a9b44f3e5b82f993239a6784efdb7d103856e6d04786479f20d835366a7
06 cycle01-baseline-no-stimulus: capture only
06 cycle01-baseline-no-stimulus: window sha256=d04a0a2f9c1255197c12b2f5dfc63efebd59f31f38ace668ac7258d6d17295f1
07 cycle01-inquiry-standard-96: stimulus rc=0 good=True len=96
07 cycle01-inquiry-standard-96: window sha256=240bc18284dced9cd5171622354ede2cf79e3de176b248c87b816467bcaa216f
08 cycle01-inquiry-extrainq: stimulus rc=0 good=True len=176
08 cycle01-inquiry-extrainq: window sha256=fac753925a4014921c4e0fb6ee2f8fcc9981f624ac3ebb00d27ffcd0e4ef0a3b
09 cycle01-get-configuration-current: stimulus rc=0 good=True len=60
09 cycle01-get-configuration-current: window sha256=0afe773db4c2098fddbed2642a869f86f0d20397d64254040ebffcbdb2092085
10 cycle01-get-configuration-all: stimulus rc=0 good=True len=252
10 cycle01-get-configuration-all: window sha256=11144f57aed995f2513bba299445e813225faa9ab1b969e4f1c36217bf67aa63
11 cycle01-mode-sense10-read-error-recovery: stimulus rc=0 good=True len=20
11 cycle01-mode-sense10-read-error-recovery: window sha256=9c09840f3770df2a06f9dd6438b05e47b50120efd3e41ca03916bda77d847375
12 cycle02-baseline-no-stimulus: capture only
12 cycle02-baseline-no-stimulus: window sha256=666388228b9a573815f234f7c67af3477af182254ac60a17573702bbc2065700
13 cycle02-inquiry-standard-96: stimulus rc=0 good=True len=96
13 cycle02-inquiry-standard-96: window sha256=2f9cc2a70dd51fef56b1cfd400859b3cbf285b6fd6e7efff4ada949c949d4c10
14 cycle02-inquiry-extrainq: stimulus rc=0 good=True len=176
14 cycle02-inquiry-extrainq: window sha256=3f2b3688c6321d79941df05dcb86e7cb2020a952e1cd8f2bb5c5debc425473a7
15 cycle02-get-configuration-current: stimulus rc=0 good=True len=60
15 cycle02-get-configuration-current: window sha256=8acbd3a0ea172d9a412c3c96f7b9f4587baae2d72db6f4da66dfcd985dc984ba
16 cycle02-get-configuration-all: stimulus rc=0 good=True len=252
16 cycle02-get-configuration-all: window sha256=094bebafbf1dc23e007c4e1bc3d01ce668cf01cdad592a710bda40bf059a4ac1
17 cycle02-mode-sense10-read-error-recovery: stimulus rc=0 good=True len=20
17 cycle02-mode-sense10-read-error-recovery: window sha256=c99d330cb0bb6759494bb6492eb2557f7575e90f64cc64d645cbce1529f96ce8
18 cycle03-baseline-no-stimulus: capture only
18 cycle03-baseline-no-stimulus: window sha256=f6e029850db820e8e4b6c7a1c85e01d96094b6a3b0660fb99e2f58ccdfc2ba11
19 cycle03-inquiry-standard-96: stimulus rc=0 good=True len=96
19 cycle03-inquiry-standard-96: window sha256=a660abd63a3c5f6d6aabfbaaae730dbd2b86febcd5f43c3ff43a5e8e8fb253b1
20 cycle03-inquiry-extrainq: stimulus rc=0 good=True len=176
20 cycle03-inquiry-extrainq: window sha256=b701880d50e81ec72fd7311c0ecb310ab260816a28c72c7366e163ff80fa507c
21 cycle03-get-configuration-current: stimulus rc=0 good=True len=60
21 cycle03-get-configuration-current: window sha256=3d9a708fa01cea11aa6e01403ac6839a0512af9a97dec50479b2a9ae9484a9e4
22 cycle03-get-configuration-all: stimulus rc=0 good=True len=252
22 cycle03-get-configuration-all: window sha256=7703723da4a8b4a0e0871eb5e120e5ae21ba44c73aa6dbfc20e870074a8808c5
23 cycle03-mode-sense10-read-error-recovery: stimulus rc=0 good=True len=20
23 cycle03-mode-sense10-read-error-recovery: window sha256=3e1a64320eee34ee001d0bacfae93bf9194f3d513392b46cbd8bd0f71b4d15f6
24 cycle04-baseline-no-stimulus: capture only
24 cycle04-baseline-no-stimulus: window sha256=48f20b3096776dad26dc868656a0710ba93e2c3f4d9e628cace9d8ff0617d761
25 cycle04-inquiry-standard-96: stimulus rc=0 good=True len=96
25 cycle04-inquiry-standard-96: window sha256=58aed7bae56fd97550270b4c524006f24a2adfc5725c78445fe9f55ff202fb4f
26 cycle04-inquiry-extrainq: stimulus rc=0 good=True len=176
26 cycle04-inquiry-extrainq: window sha256=f8d67dcdc4fd889ea1aa789373af07ac3cae37c51ddf022d91be83dd5fb18a9d
27 cycle04-get-configuration-current: stimulus rc=0 good=True len=60
27 cycle04-get-configuration-current: window sha256=43b9fde15fac2b0c19ce3d39068777fa9e6f33d3006dbb4438e481af31d46cbb
28 cycle04-get-configuration-all: stimulus rc=0 good=True len=252
28 cycle04-get-configuration-all: window sha256=cd0b009a0eaf2a0672cd66842eb5ebd013a7c0b2e9b851f06bd388029d93c6d1
29 cycle04-mode-sense10-read-error-recovery: stimulus rc=0 good=True len=20
29 cycle04-mode-sense10-read-error-recovery: window sha256=4ca4c96ec160151334ae0779fe75ff9168ffc1477e57ab72a547c5df1dcc62a9
30 cycle05-baseline-no-stimulus: capture only
30 cycle05-baseline-no-stimulus: window sha256=42ae0d2aac9567ce8f92db488d98a5694214725be2db67959d55d7088c101095
31 cycle05-inquiry-standard-96: stimulus rc=0 good=True len=96
31 cycle05-inquiry-standard-96: window sha256=6f2d8d833fd54aede461880dead3424ef0c989875a8e882f9607573ff787bc5e
32 cycle05-inquiry-extrainq: stimulus rc=0 good=True len=176
32 cycle05-inquiry-extrainq: window sha256=19c5227a36e12e664de325e42aaacbd8ed9626032d39698237e489eb0092ed56
33 cycle05-get-configuration-current: stimulus rc=0 good=True len=60
33 cycle05-get-configuration-current: window sha256=bd8387470de94937348c390933df9592937d966c79c5df68555f875db98d2b11
34 cycle05-get-configuration-all: stimulus rc=0 good=True len=252
34 cycle05-get-configuration-all: window sha256=2f4f9b10be1ecc46173130ae7e04bab36e2d957db2cdcf885bf2fffaddbc3ba8
35 cycle05-mode-sense10-read-error-recovery: stimulus rc=0 good=True len=20
35 cycle05-mode-sense10-read-error-recovery: window sha256=05162564bba8da67d9926938f48171b48868421b6de9bfb4250d04a3d83f07f6
36 cycle06-baseline-no-stimulus: capture only
36 cycle06-baseline-no-stimulus: window sha256=c47d50b2bb239e1c34446478dcc000b7dcc1c999adbf2fdf3defd34107bc5c47
37 cycle06-inquiry-standard-96: stimulus rc=0 good=True len=96
37 cycle06-inquiry-standard-96: window sha256=eb8cb9533a5ad8650be71b492879b7d1b71abe500c7b569a41cc5d20986a53c6
38 cycle06-inquiry-extrainq: stimulus rc=0 good=True len=176
38 cycle06-inquiry-extrainq: window sha256=cdbb5c964f34cd7fe6914610d4f1ab5b508b471e19ebc9f9908a56fd4d0ecda9
39 cycle06-get-configuration-current: stimulus rc=0 good=True len=60
39 cycle06-get-configuration-current: window sha256=faef73da49bfcbdee15f9870445709026c2275e53c315226f9d59d023191233b
40 cycle06-get-configuration-all: stimulus rc=0 good=True len=252
40 cycle06-get-configuration-all: window sha256=379c0351b4c3ce9e22ae77417dbeea5989375f20aca7418b1b5465c674761dc5
41 cycle06-mode-sense10-read-error-recovery: stimulus rc=0 good=True len=20
41 cycle06-mode-sense10-read-error-recovery: window sha256=8e90bca138c9446ff3b9966586b1341ab4470ff10af4f00755053a7eec41876c
42 cycle07-baseline-no-stimulus: capture only
42 cycle07-baseline-no-stimulus: window sha256=7851dbd1c938f2f3936e79422e54304a33dcd65ed2b5674b3bb92b69b71d1130
43 cycle07-inquiry-standard-96: stimulus rc=0 good=True len=96
43 cycle07-inquiry-standard-96: window sha256=758c092589a2a8e2a5505f9995854322d2f6ec36f4cb80004a6fb9f8e7885e37
44 cycle07-inquiry-extrainq: stimulus rc=0 good=True len=176
44 cycle07-inquiry-extrainq: window sha256=3214a8680cd1e32ad8ca0a0b9b198818da6f0f3b21783adea5c87c824aae0208
45 cycle07-get-configuration-current: stimulus rc=0 good=True len=60
45 cycle07-get-configuration-current: window sha256=edf163cfbdb059cf4192fb592b7f40aa248bfa8e5479c3e68552c3e35aaacabe
46 cycle07-get-configuration-all: stimulus rc=0 good=True len=252
46 cycle07-get-configuration-all: window sha256=9e66ceb1be06e9d9d927a4296859694340c3132218c55c03e42cf88829527d1c
47 cycle07-mode-sense10-read-error-recovery: stimulus rc=0 good=True len=20
47 cycle07-mode-sense10-read-error-recovery: window sha256=b85c9a1fed0de6c60b8386b9e1d4e76196f2baff7047dfbf246dedfbf6ea6a17
48 cycle08-baseline-no-stimulus: capture only
48 cycle08-baseline-no-stimulus: window sha256=eae302645a57dd1cf1a8d0220e17152adb332e60b40892ca6ce948e873335884
49 cycle08-inquiry-standard-96: stimulus rc=0 good=True len=96
49 cycle08-inquiry-standard-96: window sha256=5a1a1cef18ca5e345c8f5ce09aa458e4a1ed888d041e85d44a385bdc1a95928d
50 cycle08-inquiry-extrainq: stimulus rc=0 good=True len=176
50 cycle08-inquiry-extrainq: window sha256=d6d77ec08da04bd35ba2aa36bd4a5f6c744521ea1f346eafec1bbeba9d8d9af8
51 cycle08-get-configuration-current: stimulus rc=0 good=True len=60
51 cycle08-get-configuration-current: window sha256=44dc03ca3a567d763d95127db23d8c7e549dd60451d7682cf934ef2a3a9a7f0f
52 cycle08-get-configuration-all: stimulus rc=0 good=True len=252
52 cycle08-get-configuration-all: window sha256=a90adaa41d1e4e0363f08bebe1e675eac14e2cf352797ea2fedcc2f5994145b4
53 cycle08-mode-sense10-read-error-recovery: stimulus rc=0 good=True len=20
53 cycle08-mode-sense10-read-error-recovery: window sha256=cb620967ad32b0702a52006733ef2fae814dafd010c3c18ffca84f33b250c663
54 cycle09-baseline-no-stimulus: capture only
54 cycle09-baseline-no-stimulus: window sha256=71167b854f07f7d636dc6ccf13f286802a9a3dd76d664270a978df6c21bba3a6
55 cycle09-inquiry-standard-96: stimulus rc=0 good=True len=96
55 cycle09-inquiry-standard-96: window sha256=3af9fed9034923a67e41b85c6ce4ebd8e4c267253dcf7ef7f220d3472a8891b2
56 cycle09-inquiry-extrainq: stimulus rc=0 good=True len=176
56 cycle09-inquiry-extrainq: window sha256=f084a0bcf5a524cddb127c815f04edf24f574eefb48f938321e18252618479da
57 cycle09-get-configuration-current: stimulus rc=0 good=True len=60
57 cycle09-get-configuration-current: window sha256=3721c975ebb36878af449248408a2791eeb2ad96d5e083f0677ae61fc281b06f
58 cycle09-get-configuration-all: stimulus rc=0 good=True len=252
58 cycle09-get-configuration-all: window sha256=dfa2cc1a0a3e21ef5cc0b83b0633f00118167354bb1144fc32faf816c4c9b7c8
59 cycle09-mode-sense10-read-error-recovery: stimulus rc=0 good=True len=20
59 cycle09-mode-sense10-read-error-recovery: window sha256=2b4cc2a5505ffb2293b91f2c1a25b249903ff69a6b09263ef1d32f99d3206eb6
60 cycle10-baseline-no-stimulus: capture only
60 cycle10-baseline-no-stimulus: window sha256=937e3796468ba246724dd92837e6753269b4a07ab4fb918dfad36031636c2fa1
61 cycle10-inquiry-standard-96: stimulus rc=0 good=True len=96
61 cycle10-inquiry-standard-96: window sha256=7a89d4ebeba6aeae0d49e3d9474035d1b2a3cbb05f5650ce8a5ed7b9c54bc78e
62 cycle10-inquiry-extrainq: stimulus rc=0 good=True len=176
62 cycle10-inquiry-extrainq: window sha256=a6e0c8a1b773851303345754a406fceda486affb9e40db14abf8e620d9d486cb
63 cycle10-get-configuration-current: stimulus rc=0 good=True len=60
63 cycle10-get-configuration-current: window sha256=092c6d8dca5d62c9c536f9d60e653cff698316a4c1842f98b970daf8ad2c34b6
64 cycle10-get-configuration-all: stimulus rc=0 good=True len=252
64 cycle10-get-configuration-all: window sha256=4761f62120f3184ce5c08b3667376430470ae48fec54b504956280ea66b45285
65 cycle10-mode-sense10-read-error-recovery: stimulus rc=0 good=True len=20
65 cycle10-mode-sense10-read-error-recovery: window sha256=b0eaa7960d2406365a84f27a17c99ff893bd1531cee834366d5b746cc3f927b4
66 cycle11-baseline-no-stimulus: capture only
66 cycle11-baseline-no-stimulus: window sha256=706473d46d9a9878bf9e79bb71936e12c8df965b4df12adc1f7b78227c8842e0
67 cycle11-inquiry-standard-96: stimulus rc=0 good=True len=96
67 cycle11-inquiry-standard-96: window sha256=6bc04746a98844f8654ba349b9d59f3f5ea02cb3b23e64b11ae438d1ac7d2fee
68 cycle11-inquiry-extrainq: stimulus rc=0 good=True len=176
68 cycle11-inquiry-extrainq: window sha256=07f61fcbcd32bb82611903e6cf3f5e87c33ff01cdb10900269eecf79965f6f8b
69 cycle11-get-configuration-current: stimulus rc=0 good=True len=60
69 cycle11-get-configuration-current: window sha256=249e95fa8d3f1acf991350dac249d232d6f42096f17295d5fcb67cbe500ac154
70 cycle11-get-configuration-all: stimulus rc=0 good=True len=252
70 cycle11-get-configuration-all: window sha256=a6089b7a76b0786174bbae61b70e7b138f82f4dff8e8ac6d2cf6724fc7d5ed47
71 cycle11-mode-sense10-read-error-recovery: stimulus rc=0 good=True len=20
71 cycle11-mode-sense10-read-error-recovery: window sha256=cc0c3fb1c4587fdce52d005b7308f3cd640ab9595f67421237a94e5a45dac4f2
72 cycle12-baseline-no-stimulus: capture only
72 cycle12-baseline-no-stimulus: window sha256=ebbe13ebf9bf6963e62c9bfb18f81d81ac4a577c6b2066c2732e3644d3591e5e
73 cycle12-inquiry-standard-96: stimulus rc=0 good=True len=96
73 cycle12-inquiry-standard-96: window sha256=8811b0f094490bdbd4c5a0b490fc90f027aa35ce9efd998d09b6bcb4f2b03d51
74 cycle12-inquiry-extrainq: stimulus rc=0 good=True len=176
74 cycle12-inquiry-extrainq: window sha256=fe22d2576dcc4964265b8f57bc175d4b6d2cfd4755135e8c8725d428589e7c56
75 cycle12-get-configuration-current: stimulus rc=0 good=True len=60
75 cycle12-get-configuration-current: window sha256=bce00c3b73a12f68ad547970dae91ab0c98df03d6105254052643f422bde508a
76 cycle12-get-configuration-all: stimulus rc=0 good=True len=252
76 cycle12-get-configuration-all: window sha256=b2acc9c556fec0f46ab2cd6ba7c313b681001b6c5be20523383eb64542310eaa
77 cycle12-mode-sense10-read-error-recovery: stimulus rc=0 good=True len=20
77 cycle12-mode-sense10-read-error-recovery: window sha256=99da12e5610cce2a6845fe7767425d081a78229fbff686472ed8f538ef15c84c
78 cycle13-baseline-no-stimulus: capture only
78 cycle13-baseline-no-stimulus: window sha256=dcda2d1ec01032295d3977ac2242fa5a505b26acae654014ca00760ed77276e4
79 cycle13-inquiry-standard-96: stimulus rc=0 good=True len=96
79 cycle13-inquiry-standard-96: window sha256=854a567866870d00db8ddf822e54a799fd3ffb529b645705da9d25c55ba37b48
80 cycle13-inquiry-extrainq: stimulus rc=0 good=True len=176
80 cycle13-inquiry-extrainq: window sha256=00904d7e2f0e1660304408fe0305fe2c018f50d22eccc85e9165d3927eb4e098
81 cycle13-get-configuration-current: stimulus rc=0 good=True len=60
81 cycle13-get-configuration-current: window sha256=61a07f377ce8cb4b37c8b907e431721fac9e6ba86a3f0f0053928c22ec337dfd
82 cycle13-get-configuration-all: stimulus rc=0 good=True len=252
82 cycle13-get-configuration-all: window sha256=269c2803e1a196fc8863cbc6ef6c2b9953a9146c51a566d8830ef4e9cbffaabc
83 cycle13-mode-sense10-read-error-recovery: stimulus rc=0 good=True len=20
83 cycle13-mode-sense10-read-error-recovery: window sha256=afaee87045024341f68b984688ef2d42de9cd5c4bc393594fd97497e3ed42629
84 cycle14-baseline-no-stimulus: capture only
84 cycle14-baseline-no-stimulus: window sha256=335088621532deb2f83ccf37f7596caf7d94ab4e80496e001910596f1106afb7
85 cycle14-inquiry-standard-96: stimulus rc=0 good=True len=96
85 cycle14-inquiry-standard-96: window sha256=24df53902533fdd0782aab81979aac5ade62863049a11ed88a0fccc23099e194
86 cycle14-inquiry-extrainq: stimulus rc=0 good=True len=176
86 cycle14-inquiry-extrainq: window sha256=11a749632893d9d06ef548d1c06377a15ff77601f5f107523255c4a3b7bcb032
87 cycle14-get-configuration-current: stimulus rc=0 good=True len=60
87 cycle14-get-configuration-current: window sha256=d5ebd1ae14dc3dedd28be310d6a9be4c1d748b3d93d9b696e72d6559d402c77f
88 cycle14-get-configuration-all: stimulus rc=0 good=True len=252
88 cycle14-get-configuration-all: window sha256=e5cacc168c2f60cfd82069a14c6981e025ab2b5c358f385d9f293805772bfc8a
89 cycle14-mode-sense10-read-error-recovery: stimulus rc=0 good=True len=20
89 cycle14-mode-sense10-read-error-recovery: window sha256=cf9b161f51505da9f7b53905db7e970cfbb0e8df3c1fdd6ba60b7aeeaa52afb9
90 cycle15-baseline-no-stimulus: capture only
90 cycle15-baseline-no-stimulus: window sha256=4a22ac0ee5e26934d0bb6fc1fa21a1f3ba1c27314cae3b6c11336b36d48a5685
91 cycle15-inquiry-standard-96: stimulus rc=0 good=True len=96
91 cycle15-inquiry-standard-96: window sha256=0280f33c3bde6564640b95b9aff813f15475294de806368791db8088b393a810
92 cycle15-inquiry-extrainq: stimulus rc=0 good=True len=176
92 cycle15-inquiry-extrainq: window sha256=0e6ddb25f2a454f4c8b084a871503b98942d7c799c04a89a3a6b356822bc0f16
93 cycle15-get-configuration-current: stimulus rc=0 good=True len=60
93 cycle15-get-configuration-current: window sha256=d95236e8bc92a83cb5823324906d94399ab33f9583ed9cab43404f758b0fbb8f
94 cycle15-get-configuration-all: stimulus rc=0 good=True len=252
94 cycle15-get-configuration-all: window sha256=da8304e997bbe209c0ddb3e239df101a65093e44a9eb43a336769f0272f1026c
95 cycle15-mode-sense10-read-error-recovery: stimulus rc=0 good=True len=20
95 cycle15-mode-sense10-read-error-recovery: window sha256=7a4ce9bd55cb68f368d6a4b93b17ddd5c47aa67e11709c53b14b713b225e077a
