000 event=currentboot-tail-before-bank0 phase=profile_tail_arg7f rc=0 out=3024 in=0
001 event=2 phase=arg00_chunk_transfer rc=0 out=4096 in=0
002 event=3 phase=arg00_readback_verify rc=0 out=0 in=4096
003 event=4 phase=arg00_chunk_transfer rc=0 out=4096 in=0
004 event=5 phase=arg00_readback_verify rc=0 out=0 in=4096
005 event=6 phase=arg00_chunk_transfer rc=0 out=4096 in=0
006 event=7 phase=arg00_readback_verify rc=0 out=0 in=4096
007 event=8 phase=arg00_chunk_transfer rc=0 out=4096 in=0
008 event=9 phase=arg00_readback_verify rc=0 out=0 in=4096
009 event=10 phase=arg00_chunk_transfer rc=0 out=4096 in=0
010 event=11 phase=arg00_readback_verify rc=0 out=0 in=4096
011 event=12 phase=arg00_chunk_transfer rc=0 out=4096 in=0
012 event=13 phase=arg00_readback_verify rc=0 out=0 in=4096
013 event=14 phase=arg00_chunk_transfer rc=0 out=4096 in=0
014 event=15 phase=arg00_readback_verify rc=0 out=0 in=4096
015 event=16 phase=arg00_chunk_transfer rc=0 out=4096 in=0
016 event=17 phase=arg00_readback_verify rc=0 out=0 in=4096
017 event=18 phase=arg00_chunk_transfer rc=0 out=4096 in=0
018 event=19 phase=arg00_readback_verify rc=0 out=0 in=4096
019 event=20 phase=arg00_chunk_transfer rc=0 out=4096 in=0
020 event=21 phase=arg00_readback_verify rc=0 out=0 in=4096
021 event=22 phase=arg00_chunk_transfer rc=0 out=4096 in=0
022 event=23 phase=arg00_readback_verify rc=0 out=0 in=4096
023 event=24 phase=arg00_chunk_transfer rc=0 out=4096 in=0
024 event=25 phase=arg00_readback_verify rc=0 out=0 in=4096
025 event=26 phase=arg00_chunk_transfer rc=0 out=4096 in=0
026 event=27 phase=arg00_readback_verify rc=0 out=0 in=4096
027 event=28 phase=arg00_chunk_transfer rc=0 out=4096 in=0
028 event=29 phase=arg00_readback_verify rc=0 out=0 in=4096
029 event=30 phase=arg00_chunk_transfer rc=0 out=4096 in=0
030 event=31 phase=arg00_readback_verify rc=0 out=0 in=4096
031 event=32 phase=arg00_chunk_transfer rc=0 out=4096 in=0
032 event=33 phase=arg00_readback_verify rc=0 out=0 in=4096
033 event=34 phase=bank_pmac_prefix rc=0 out=16 in=0
034 event=0 phase=profile_tail_arg7f rc=0 out=3024 in=0
035 event=1 phase=arg00_chunk_transfer rc=0 out=4096 in=0
036 event=2 phase=arg00_readback_verify rc=0 out=0 in=4096
037 event=3 phase=arg00_chunk_transfer rc=0 out=4096 in=0
038 event=4 phase=arg00_readback_verify rc=0 out=0 in=4096
039 event=5 phase=arg00_chunk_transfer rc=0 out=4096 in=0
040 event=6 phase=arg00_readback_verify rc=0 out=0 in=4096
041 event=7 phase=arg00_chunk_transfer rc=0 out=4096 in=0
042 event=8 phase=arg00_readback_verify rc=0 out=0 in=4096
043 event=9 phase=arg00_chunk_transfer rc=0 out=4096 in=0
044 event=10 phase=arg00_readback_verify rc=0 out=0 in=4096
045 event=11 phase=arg00_chunk_transfer rc=0 out=4096 in=0
046 event=12 phase=arg00_readback_verify rc=0 out=0 in=4096
047 event=13 phase=arg00_chunk_transfer rc=0 out=4096 in=0
048 event=14 phase=arg00_readback_verify rc=0 out=0 in=4096
049 event=15 phase=arg00_chunk_transfer rc=0 out=4096 in=0
050 event=16 phase=arg00_readback_verify rc=0 out=0 in=4096
051 event=17 phase=arg00_chunk_transfer rc=0 out=4096 in=0
052 event=18 phase=arg00_readback_verify rc=0 out=0 in=4096
053 event=19 phase=arg00_chunk_transfer rc=0 out=4096 in=0
054 event=20 phase=arg00_readback_verify rc=0 out=0 in=4096
055 event=21 phase=arg00_chunk_transfer rc=0 out=4096 in=0
056 event=22 phase=arg00_readback_verify rc=0 out=0 in=4096
057 event=23 phase=arg00_chunk_transfer rc=0 out=4096 in=0
058 event=24 phase=arg00_readback_verify rc=0 out=0 in=4096
059 event=25 phase=arg00_chunk_transfer rc=0 out=4096 in=0
060 event=26 phase=arg00_readback_verify rc=0 out=0 in=4096
061 event=27 phase=arg00_chunk_transfer rc=0 out=4096 in=0
062 event=28 phase=arg00_readback_verify rc=0 out=0 in=4096
063 event=29 phase=arg00_chunk_transfer rc=0 out=4096 in=0
064 event=30 phase=arg00_readback_verify rc=0 out=0 in=4096
065 event=31 phase=arg00_chunk_transfer rc=0 out=4096 in=0
066 event=32 phase=arg00_readback_verify rc=0 out=0 in=4096
067 event=33 phase=bank_pmac_prefix rc=0 out=16 in=0
068 event=34 phase=profile_tail_arg7f rc=0 out=3024 in=0
069 event=35 phase=arg00_chunk_transfer rc=0 out=4096 in=0
070 event=36 phase=arg00_readback_verify rc=0 out=0 in=4096
071 event=37 phase=arg00_chunk_transfer rc=0 out=4096 in=0
072 event=38 phase=arg00_readback_verify rc=0 out=0 in=4096
073 event=39 phase=arg00_chunk_transfer rc=0 out=4096 in=0
074 event=40 phase=arg00_readback_verify rc=0 out=0 in=4096
075 event=41 phase=arg00_chunk_transfer rc=0 out=4096 in=0
076 event=42 phase=arg00_readback_verify rc=0 out=0 in=4096
077 event=43 phase=arg00_chunk_transfer rc=0 out=4096 in=0
078 event=44 phase=arg00_readback_verify rc=0 out=0 in=4096
079 event=45 phase=arg00_chunk_transfer rc=0 out=4096 in=0
080 event=46 phase=arg00_readback_verify rc=0 out=0 in=4096
081 event=47 phase=arg00_chunk_transfer rc=0 out=4096 in=0
082 event=48 phase=arg00_readback_verify rc=0 out=0 in=4096
083 event=49 phase=arg00_chunk_transfer rc=0 out=4096 in=0
084 event=50 phase=arg00_readback_verify rc=0 out=0 in=4096
085 event=51 phase=arg00_chunk_transfer rc=0 out=4096 in=0
086 event=52 phase=arg00_readback_verify rc=0 out=0 in=4096
087 event=53 phase=arg00_chunk_transfer rc=0 out=4096 in=0
088 event=54 phase=arg00_readback_verify rc=0 out=0 in=4096
089 event=55 phase=arg00_chunk_transfer rc=0 out=4096 in=0
090 event=56 phase=arg00_readback_verify rc=0 out=0 in=4096
091 event=57 phase=arg00_chunk_transfer rc=0 out=4096 in=0
092 event=58 phase=arg00_readback_verify rc=0 out=0 in=4096
093 event=59 phase=arg00_chunk_transfer rc=0 out=4096 in=0
094 event=60 phase=arg00_readback_verify rc=0 out=0 in=4096
095 event=61 phase=arg00_chunk_transfer rc=0 out=4096 in=0
096 event=62 phase=arg00_readback_verify rc=0 out=0 in=4096
097 event=63 phase=arg00_chunk_transfer rc=0 out=4096 in=0
098 event=64 phase=arg00_readback_verify rc=0 out=0 in=4096
099 event=65 phase=arg00_chunk_transfer rc=0 out=4096 in=0
100 event=66 phase=arg00_readback_verify rc=0 out=0 in=4096
101 event=67 phase=bank_pmac_prefix rc=0 out=16 in=0
102 event=68 phase=profile_tail_arg7f rc=0 out=3024 in=0
103 event=69 phase=arg00_chunk_transfer rc=0 out=4096 in=0
104 event=70 phase=arg00_readback_verify rc=0 out=0 in=4096
105 event=71 phase=arg00_chunk_transfer rc=0 out=4096 in=0
106 event=72 phase=arg00_readback_verify rc=0 out=0 in=4096
107 event=73 phase=arg00_chunk_transfer rc=0 out=4096 in=0
108 event=74 phase=arg00_readback_verify rc=0 out=0 in=4096
109 event=75 phase=arg00_chunk_transfer rc=0 out=4096 in=0
110 event=76 phase=arg00_readback_verify rc=0 out=0 in=4096
111 event=77 phase=arg00_chunk_transfer rc=0 out=4096 in=0
112 event=78 phase=arg00_readback_verify rc=0 out=0 in=4096
113 event=79 phase=arg00_chunk_transfer rc=0 out=4096 in=0
114 event=80 phase=arg00_readback_verify rc=0 out=0 in=4096
115 event=81 phase=arg00_chunk_transfer rc=0 out=4096 in=0
116 event=82 phase=arg00_readback_verify rc=0 out=0 in=4096
117 event=83 phase=arg00_chunk_transfer rc=0 out=4096 in=0
118 event=84 phase=arg00_readback_verify rc=0 out=0 in=4096
119 event=85 phase=arg00_chunk_transfer rc=0 out=4096 in=0
120 event=86 phase=arg00_readback_verify rc=0 out=0 in=4096
121 event=87 phase=arg00_chunk_transfer rc=0 out=4096 in=0
122 event=88 phase=arg00_readback_verify rc=0 out=0 in=4096
123 event=89 phase=arg00_chunk_transfer rc=0 out=4096 in=0
124 event=90 phase=arg00_readback_verify rc=0 out=0 in=4096
125 event=91 phase=arg00_chunk_transfer rc=0 out=4096 in=0
126 event=92 phase=arg00_readback_verify rc=0 out=0 in=4096
127 event=93 phase=arg00_chunk_transfer rc=0 out=4096 in=0
128 event=94 phase=arg00_readback_verify rc=0 out=0 in=4096
129 event=95 phase=arg00_chunk_transfer rc=0 out=4096 in=0
130 event=96 phase=arg00_readback_verify rc=0 out=0 in=4096
131 event=97 phase=arg00_chunk_transfer rc=0 out=4096 in=0
132 event=98 phase=arg00_readback_verify rc=0 out=0 in=4096
133 event=99 phase=arg00_chunk_transfer rc=0 out=4096 in=0
134 event=100 phase=arg00_readback_verify rc=0 out=0 in=4096
135 event=101 phase=bank_pmac_prefix rc=0 out=16 in=0
136 event=102 phase=profile_tail_arg7f rc=0 out=3024 in=0
137 event=103 phase=arg00_chunk_transfer rc=0 out=4096 in=0
138 event=104 phase=arg00_readback_verify rc=0 out=0 in=4096
139 event=105 phase=arg00_chunk_transfer rc=0 out=4096 in=0
140 event=106 phase=arg00_readback_verify rc=0 out=0 in=4096
141 event=107 phase=arg00_chunk_transfer rc=0 out=4096 in=0
142 event=108 phase=arg00_readback_verify rc=0 out=0 in=4096
143 event=109 phase=arg00_chunk_transfer rc=0 out=4096 in=0
144 event=110 phase=arg00_readback_verify rc=0 out=0 in=4096
145 event=111 phase=arg00_chunk_transfer rc=0 out=4096 in=0
146 event=112 phase=arg00_readback_verify rc=0 out=0 in=4096
147 event=113 phase=arg00_chunk_transfer rc=0 out=4096 in=0
148 event=114 phase=arg00_readback_verify rc=0 out=0 in=4096
149 event=115 phase=arg00_chunk_transfer rc=0 out=4096 in=0
150 event=116 phase=arg00_readback_verify rc=0 out=0 in=4096
151 event=117 phase=arg00_chunk_transfer rc=0 out=4096 in=0
152 event=118 phase=arg00_readback_verify rc=0 out=0 in=4096
153 event=119 phase=arg00_chunk_transfer rc=0 out=4096 in=0
154 event=120 phase=arg00_readback_verify rc=0 out=0 in=4096
155 event=121 phase=arg00_chunk_transfer rc=0 out=4096 in=0
156 event=122 phase=arg00_readback_verify rc=0 out=0 in=4096
157 event=123 phase=arg00_chunk_transfer rc=0 out=4096 in=0
158 event=124 phase=arg00_readback_verify rc=0 out=0 in=4096
159 event=125 phase=arg00_chunk_transfer rc=0 out=4096 in=0
160 event=126 phase=arg00_readback_verify rc=0 out=0 in=4096
161 event=127 phase=arg00_chunk_transfer rc=0 out=4096 in=0
162 event=128 phase=arg00_readback_verify rc=0 out=0 in=4096
163 event=129 phase=arg00_chunk_transfer rc=0 out=4096 in=0
164 event=130 phase=arg00_readback_verify rc=0 out=0 in=4096
165 event=131 phase=arg00_chunk_transfer rc=0 out=4096 in=0
166 event=132 phase=arg00_readback_verify rc=0 out=0 in=4096
167 event=133 phase=arg00_chunk_transfer rc=0 out=4096 in=0
168 event=134 phase=arg00_readback_verify rc=0 out=0 in=4096
169 event=135 phase=bank_pmac_prefix rc=0 out=16 in=0
170 event=136 phase=profile_tail_arg7f rc=0 out=3024 in=0
171 event=137 phase=arg00_chunk_transfer rc=0 out=4096 in=0
172 event=138 phase=arg00_readback_verify rc=0 out=0 in=4096
173 event=139 phase=arg00_chunk_transfer rc=0 out=4096 in=0
174 event=140 phase=arg00_readback_verify rc=0 out=0 in=4096
175 event=141 phase=arg00_chunk_transfer rc=0 out=4096 in=0
176 event=142 phase=arg00_readback_verify rc=0 out=0 in=4096
177 event=143 phase=arg00_chunk_transfer rc=0 out=4096 in=0
178 event=144 phase=arg00_readback_verify rc=0 out=0 in=4096
179 event=145 phase=arg00_chunk_transfer rc=0 out=4096 in=0
180 event=146 phase=arg00_readback_verify rc=0 out=0 in=4096
181 event=147 phase=arg00_chunk_transfer rc=0 out=4096 in=0
182 event=148 phase=arg00_readback_verify rc=0 out=0 in=4096
183 event=149 phase=arg00_chunk_transfer rc=0 out=4096 in=0
184 event=150 phase=arg00_readback_verify rc=0 out=0 in=4096
185 event=151 phase=arg00_chunk_transfer rc=0 out=4096 in=0
186 event=152 phase=arg00_readback_verify rc=0 out=0 in=4096
187 event=153 phase=arg00_chunk_transfer rc=0 out=4096 in=0
188 event=154 phase=arg00_readback_verify rc=0 out=0 in=4096
189 event=155 phase=arg00_chunk_transfer rc=0 out=4096 in=0
190 event=156 phase=arg00_readback_verify rc=0 out=0 in=4096
191 event=157 phase=arg00_chunk_transfer rc=0 out=4096 in=0
192 event=158 phase=arg00_readback_verify rc=0 out=0 in=4096
193 event=159 phase=arg00_chunk_transfer rc=0 out=4096 in=0
194 event=160 phase=arg00_readback_verify rc=0 out=0 in=4096
195 event=161 phase=arg00_chunk_transfer rc=0 out=4096 in=0
196 event=162 phase=arg00_readback_verify rc=0 out=0 in=4096
197 event=163 phase=arg00_chunk_transfer rc=0 out=4096 in=0
198 event=164 phase=arg00_readback_verify rc=0 out=0 in=4096
199 event=165 phase=arg00_chunk_transfer rc=0 out=4096 in=0
200 event=166 phase=arg00_readback_verify rc=0 out=0 in=4096
201 event=167 phase=arg00_chunk_transfer rc=0 out=4096 in=0
202 event=168 phase=arg00_readback_verify rc=0 out=0 in=4096
203 event=169 phase=bank_pmac_prefix rc=0 out=16 in=0
204 event=170 phase=profile_tail_arg7f rc=0 out=3024 in=0
205 event=171 phase=arg00_chunk_transfer rc=0 out=4096 in=0
206 event=172 phase=arg00_readback_verify rc=0 out=0 in=4096
207 event=173 phase=arg00_chunk_transfer rc=0 out=4096 in=0
208 event=174 phase=arg00_readback_verify rc=0 out=0 in=4096
209 event=175 phase=arg00_chunk_transfer rc=0 out=4096 in=0
210 event=176 phase=arg00_readback_verify rc=0 out=0 in=4096
211 event=177 phase=arg00_chunk_transfer rc=0 out=4096 in=0
212 event=178 phase=arg00_readback_verify rc=0 out=0 in=4096
213 event=179 phase=arg00_chunk_transfer rc=0 out=4096 in=0
214 event=180 phase=arg00_readback_verify rc=0 out=0 in=4096
215 event=181 phase=arg00_chunk_transfer rc=0 out=4096 in=0
216 event=182 phase=arg00_readback_verify rc=0 out=0 in=4096
217 event=183 phase=arg00_chunk_transfer rc=0 out=4096 in=0
218 event=184 phase=arg00_readback_verify rc=0 out=0 in=4096
219 event=185 phase=arg00_chunk_transfer rc=0 out=4096 in=0
220 event=186 phase=arg00_readback_verify rc=0 out=0 in=4096
221 event=187 phase=arg00_chunk_transfer rc=0 out=4096 in=0
222 event=188 phase=arg00_readback_verify rc=0 out=0 in=4096
223 event=189 phase=arg00_chunk_transfer rc=0 out=4096 in=0
224 event=190 phase=arg00_readback_verify rc=0 out=0 in=4096
225 event=191 phase=arg00_chunk_transfer rc=0 out=4096 in=0
226 event=192 phase=arg00_readback_verify rc=0 out=0 in=4096
227 event=193 phase=arg00_chunk_transfer rc=0 out=4096 in=0
228 event=194 phase=arg00_readback_verify rc=0 out=0 in=4096
229 event=195 phase=arg00_chunk_transfer rc=0 out=4096 in=0
230 event=196 phase=arg00_readback_verify rc=0 out=0 in=4096
231 event=197 phase=arg00_chunk_transfer rc=0 out=4096 in=0
232 event=198 phase=arg00_readback_verify rc=0 out=0 in=4096
233 event=199 phase=arg00_chunk_transfer rc=0 out=4096 in=0
234 event=200 phase=arg00_readback_verify rc=0 out=0 in=4096
235 event=201 phase=arg00_chunk_transfer rc=0 out=4096 in=0
236 event=202 phase=arg00_readback_verify rc=0 out=0 in=4096
237 event=203 phase=bank_pmac_prefix rc=0 out=16 in=0
238 event=204 phase=profile_tail_arg7f rc=0 out=3024 in=0
239 event=205 phase=arg00_chunk_transfer rc=0 out=4096 in=0
240 event=206 phase=arg00_readback_verify rc=0 out=0 in=4096
241 event=207 phase=arg00_chunk_transfer rc=0 out=4096 in=0
242 event=208 phase=arg00_readback_verify rc=0 out=0 in=4096
243 event=209 phase=arg00_chunk_transfer rc=0 out=4096 in=0
244 event=210 phase=arg00_readback_verify rc=0 out=0 in=4096
245 event=211 phase=arg00_chunk_transfer rc=0 out=4096 in=0
246 event=212 phase=arg00_readback_verify rc=0 out=0 in=4096
247 event=213 phase=arg00_chunk_transfer rc=0 out=4096 in=0
248 event=214 phase=arg00_readback_verify rc=0 out=0 in=4096
249 event=215 phase=arg00_chunk_transfer rc=0 out=4096 in=0
250 event=216 phase=arg00_readback_verify rc=0 out=0 in=4096
251 event=217 phase=arg00_chunk_transfer rc=0 out=4096 in=0
252 event=218 phase=arg00_readback_verify rc=0 out=0 in=4096
253 event=219 phase=arg00_chunk_transfer rc=0 out=4096 in=0
254 event=220 phase=arg00_readback_verify rc=0 out=0 in=4096
255 event=221 phase=arg00_chunk_transfer rc=0 out=4096 in=0
256 event=222 phase=arg00_readback_verify rc=0 out=0 in=4096
257 event=223 phase=arg00_chunk_transfer rc=0 out=4096 in=0
258 event=224 phase=arg00_readback_verify rc=0 out=0 in=4096
259 event=225 phase=arg00_chunk_transfer rc=0 out=4096 in=0
260 event=226 phase=arg00_readback_verify rc=0 out=0 in=4096
261 event=227 phase=arg00_chunk_transfer rc=0 out=4096 in=0
262 event=228 phase=arg00_readback_verify rc=0 out=0 in=4096
263 event=229 phase=arg00_chunk_transfer rc=0 out=4096 in=0
264 event=230 phase=arg00_readback_verify rc=0 out=0 in=4096
265 event=231 phase=arg00_chunk_transfer rc=0 out=4096 in=0
266 event=232 phase=arg00_readback_verify rc=0 out=0 in=4096
267 event=233 phase=arg00_chunk_transfer rc=0 out=4096 in=0
268 event=234 phase=arg00_readback_verify rc=0 out=0 in=4096
269 event=235 phase=arg00_chunk_transfer rc=0 out=4096 in=0
270 event=236 phase=arg00_readback_verify rc=0 out=0 in=4096
271 event=237 phase=bank_pmac_prefix rc=0 out=16 in=0
272 event=238 phase=profile_tail_arg7f rc=0 out=3024 in=0
273 event=239 phase=arg00_chunk_transfer rc=0 out=4096 in=0
274 event=240 phase=arg00_readback_verify rc=0 out=0 in=4096
275 event=241 phase=arg00_chunk_transfer rc=0 out=4096 in=0
276 event=242 phase=arg00_readback_verify rc=0 out=0 in=4096
277 event=243 phase=arg00_chunk_transfer rc=0 out=4096 in=0
278 event=244 phase=arg00_readback_verify rc=0 out=0 in=4096
279 event=245 phase=arg00_chunk_transfer rc=0 out=4096 in=0
280 event=246 phase=arg00_readback_verify rc=0 out=0 in=4096
281 event=247 phase=arg00_chunk_transfer rc=0 out=4096 in=0
282 event=248 phase=arg00_readback_verify rc=0 out=0 in=4096
283 event=249 phase=arg00_chunk_transfer rc=0 out=4096 in=0
284 event=250 phase=arg00_readback_verify rc=0 out=0 in=4096
285 event=251 phase=arg00_chunk_transfer rc=0 out=4096 in=0
286 event=252 phase=arg00_readback_verify rc=0 out=0 in=4096
287 event=253 phase=arg00_chunk_transfer rc=0 out=4096 in=0
288 event=254 phase=arg00_readback_verify rc=0 out=0 in=4096
289 event=255 phase=arg00_chunk_transfer rc=0 out=4096 in=0
290 event=256 phase=arg00_readback_verify rc=0 out=0 in=4096
291 event=257 phase=arg00_chunk_transfer rc=0 out=4096 in=0
292 event=258 phase=arg00_readback_verify rc=0 out=0 in=4096
293 event=259 phase=arg00_chunk_transfer rc=0 out=4096 in=0
294 event=260 phase=arg00_readback_verify rc=0 out=0 in=4096
295 event=261 phase=arg00_chunk_transfer rc=0 out=4096 in=0
296 event=262 phase=arg00_readback_verify rc=0 out=0 in=4096
297 event=263 phase=arg00_chunk_transfer rc=0 out=4096 in=0
298 event=264 phase=arg00_readback_verify rc=0 out=0 in=4096
299 event=265 phase=arg00_chunk_transfer rc=0 out=4096 in=0
300 event=266 phase=arg00_readback_verify rc=0 out=0 in=4096
301 event=267 phase=arg00_chunk_transfer rc=0 out=4096 in=0
302 event=268 phase=arg00_readback_verify rc=0 out=0 in=4096
303 event=269 phase=arg00_chunk_transfer rc=0 out=4096 in=0
304 event=270 phase=arg00_readback_verify rc=0 out=0 in=4096
305 event=271 phase=bank_pmac_prefix rc=0 out=16 in=0
306 event=272 phase=profile_tail_arg7f rc=0 out=3024 in=0
307 event=273 phase=arg00_chunk_transfer rc=0 out=4096 in=0
308 event=274 phase=arg00_readback_verify rc=0 out=0 in=4096
309 event=275 phase=arg00_chunk_transfer rc=0 out=4096 in=0
310 event=276 phase=arg00_readback_verify rc=0 out=0 in=4096
311 event=277 phase=arg00_chunk_transfer rc=0 out=4096 in=0
312 event=278 phase=arg00_readback_verify rc=0 out=0 in=4096
313 event=279 phase=arg00_chunk_transfer rc=0 out=4096 in=0
314 event=280 phase=arg00_readback_verify rc=0 out=0 in=4096
315 event=281 phase=arg00_chunk_transfer rc=0 out=4096 in=0
316 event=282 phase=arg00_readback_verify rc=0 out=0 in=4096
317 event=283 phase=arg00_chunk_transfer rc=0 out=4096 in=0
318 event=284 phase=arg00_readback_verify rc=0 out=0 in=4096
319 event=285 phase=arg00_chunk_transfer rc=0 out=4096 in=0
320 event=286 phase=arg00_readback_verify rc=0 out=0 in=4096
321 event=287 phase=arg00_chunk_transfer rc=0 out=4096 in=0
322 event=288 phase=arg00_readback_verify rc=0 out=0 in=4096
323 event=289 phase=arg00_chunk_transfer rc=0 out=4096 in=0
324 event=290 phase=arg00_readback_verify rc=0 out=0 in=4096
325 event=291 phase=arg00_chunk_transfer rc=0 out=4096 in=0
326 event=292 phase=arg00_readback_verify rc=0 out=0 in=4096
327 event=293 phase=arg00_chunk_transfer rc=0 out=4096 in=0
328 event=294 phase=arg00_readback_verify rc=0 out=0 in=4096
329 event=295 phase=arg00_chunk_transfer rc=0 out=4096 in=0
330 event=296 phase=arg00_readback_verify rc=0 out=0 in=4096
331 event=297 phase=arg00_chunk_transfer rc=0 out=4096 in=0
332 event=298 phase=arg00_readback_verify rc=0 out=0 in=4096
333 event=299 phase=arg00_chunk_transfer rc=0 out=4096 in=0
334 event=300 phase=arg00_readback_verify rc=0 out=0 in=4096
335 event=301 phase=arg00_chunk_transfer rc=0 out=4096 in=0
336 event=302 phase=arg00_readback_verify rc=0 out=0 in=4096
337 event=303 phase=arg00_chunk_transfer rc=0 out=4096 in=0
338 event=304 phase=arg00_readback_verify rc=0 out=0 in=4096
339 event=305 phase=bank_pmac_prefix rc=0 out=16 in=0
340 event=306 phase=profile_tail_arg7f rc=0 out=3024 in=0
341 event=307 phase=arg00_chunk_transfer rc=0 out=4096 in=0
342 event=308 phase=arg00_readback_verify rc=0 out=0 in=4096
343 event=309 phase=arg00_chunk_transfer rc=0 out=4096 in=0
344 event=310 phase=arg00_readback_verify rc=0 out=0 in=4096
345 event=311 phase=arg00_chunk_transfer rc=0 out=4096 in=0
346 event=312 phase=arg00_readback_verify rc=0 out=0 in=4096
347 event=313 phase=arg00_chunk_transfer rc=0 out=4096 in=0
348 event=314 phase=arg00_readback_verify rc=0 out=0 in=4096
349 event=315 phase=arg00_chunk_transfer rc=0 out=4096 in=0
350 event=316 phase=arg00_readback_verify rc=0 out=0 in=4096
351 event=317 phase=arg00_chunk_transfer rc=0 out=4096 in=0
352 event=318 phase=arg00_readback_verify rc=0 out=0 in=4096
353 event=319 phase=arg00_chunk_transfer rc=0 out=4096 in=0
354 event=320 phase=arg00_readback_verify rc=0 out=0 in=4096
355 event=321 phase=arg00_chunk_transfer rc=0 out=4096 in=0
356 event=322 phase=arg00_readback_verify rc=0 out=0 in=4096
357 event=323 phase=arg00_chunk_transfer rc=0 out=4096 in=0
358 event=324 phase=arg00_readback_verify rc=0 out=0 in=4096
359 event=325 phase=arg00_chunk_transfer rc=0 out=4096 in=0
360 event=326 phase=arg00_readback_verify rc=0 out=0 in=4096
361 event=327 phase=arg00_chunk_transfer rc=0 out=4096 in=0
362 event=328 phase=arg00_readback_verify rc=0 out=0 in=4096
363 event=329 phase=arg00_chunk_transfer rc=0 out=4096 in=0
364 event=330 phase=arg00_readback_verify rc=0 out=0 in=4096
365 event=331 phase=arg00_chunk_transfer rc=0 out=4096 in=0
366 event=332 phase=arg00_readback_verify rc=0 out=0 in=4096
367 event=333 phase=arg00_chunk_transfer rc=0 out=4096 in=0
368 event=334 phase=arg00_readback_verify rc=0 out=0 in=4096
369 event=335 phase=arg00_chunk_transfer rc=0 out=4096 in=0
370 event=336 phase=arg00_readback_verify rc=0 out=0 in=4096
371 event=337 phase=arg00_chunk_transfer rc=0 out=4096 in=0
372 event=338 phase=arg00_readback_verify rc=0 out=0 in=4096
373 event=339 phase=bank_pmac_prefix rc=0 out=16 in=0
374 event=340 phase=profile_tail_arg7f rc=0 out=3024 in=0
375 event=341 phase=arg00_chunk_transfer rc=0 out=4096 in=0
376 event=342 phase=arg00_readback_verify rc=0 out=0 in=4096
377 event=343 phase=arg00_chunk_transfer rc=0 out=4096 in=0
378 event=344 phase=arg00_readback_verify rc=0 out=0 in=4096
379 event=345 phase=arg00_chunk_transfer rc=0 out=4096 in=0
380 event=346 phase=arg00_readback_verify rc=0 out=0 in=4096
381 event=347 phase=arg00_chunk_transfer rc=0 out=4096 in=0
382 event=348 phase=arg00_readback_verify rc=0 out=0 in=4096
383 event=349 phase=arg00_chunk_transfer rc=0 out=4096 in=0
384 event=350 phase=arg00_readback_verify rc=0 out=0 in=4096
385 event=351 phase=arg00_chunk_transfer rc=0 out=4096 in=0
386 event=352 phase=arg00_readback_verify rc=0 out=0 in=4096
387 event=353 phase=arg00_chunk_transfer rc=0 out=4096 in=0
388 event=354 phase=arg00_readback_verify rc=0 out=0 in=4096
389 event=355 phase=arg00_chunk_transfer rc=0 out=4096 in=0
390 event=356 phase=arg00_readback_verify rc=0 out=0 in=4096
391 event=357 phase=arg00_chunk_transfer rc=0 out=4096 in=0
392 event=358 phase=arg00_readback_verify rc=0 out=0 in=4096
393 event=359 phase=arg00_chunk_transfer rc=0 out=4096 in=0
394 event=360 phase=arg00_readback_verify rc=0 out=0 in=4096
395 event=361 phase=arg00_chunk_transfer rc=0 out=4096 in=0
396 event=362 phase=arg00_readback_verify rc=0 out=0 in=4096
397 event=363 phase=arg00_chunk_transfer rc=0 out=4096 in=0
398 event=364 phase=arg00_readback_verify rc=0 out=0 in=4096
399 event=365 phase=arg00_chunk_transfer rc=0 out=4096 in=0
400 event=366 phase=arg00_readback_verify rc=0 out=0 in=4096
401 event=367 phase=arg00_chunk_transfer rc=0 out=4096 in=0
402 event=368 phase=arg00_readback_verify rc=0 out=0 in=4096
403 event=369 phase=arg00_chunk_transfer rc=0 out=4096 in=0
404 event=370 phase=arg00_readback_verify rc=0 out=0 in=4096
405 event=371 phase=arg00_chunk_transfer rc=0 out=4096 in=0
406 event=372 phase=arg00_readback_verify rc=0 out=0 in=4096
407 event=373 phase=bank_pmac_prefix rc=0 out=16 in=0
408 event=374 phase=profile_tail_arg7f rc=0 out=3024 in=0
409 event=375 phase=arg00_chunk_transfer rc=0 out=4096 in=0
410 event=376 phase=arg00_readback_verify rc=0 out=0 in=4096
411 event=377 phase=arg00_chunk_transfer rc=0 out=4096 in=0
412 event=378 phase=arg00_readback_verify rc=0 out=0 in=4096
413 event=379 phase=arg00_chunk_transfer rc=0 out=4096 in=0
414 event=380 phase=arg00_readback_verify rc=0 out=0 in=4096
415 event=381 phase=arg00_chunk_transfer rc=0 out=4096 in=0
416 event=382 phase=arg00_readback_verify rc=0 out=0 in=4096
417 event=383 phase=arg00_chunk_transfer rc=0 out=4096 in=0
418 event=384 phase=arg00_readback_verify rc=0 out=0 in=4096
419 event=385 phase=arg00_chunk_transfer rc=0 out=4096 in=0
420 event=386 phase=arg00_readback_verify rc=0 out=0 in=4096
421 event=387 phase=arg00_chunk_transfer rc=0 out=4096 in=0
422 event=388 phase=arg00_readback_verify rc=0 out=0 in=4096
423 event=389 phase=arg00_chunk_transfer rc=0 out=4096 in=0
424 event=390 phase=arg00_readback_verify rc=0 out=0 in=4096
425 event=391 phase=arg00_chunk_transfer rc=0 out=4096 in=0
426 event=392 phase=arg00_readback_verify rc=0 out=0 in=4096
427 event=393 phase=arg00_chunk_transfer rc=0 out=4096 in=0
428 event=394 phase=arg00_readback_verify rc=0 out=0 in=4096
429 event=395 phase=arg00_chunk_transfer rc=0 out=4096 in=0
430 event=396 phase=arg00_readback_verify rc=0 out=0 in=4096
431 event=397 phase=arg00_chunk_transfer rc=0 out=4096 in=0
432 event=398 phase=arg00_readback_verify rc=0 out=0 in=4096
433 event=399 phase=arg00_chunk_transfer rc=0 out=4096 in=0
434 event=400 phase=arg00_readback_verify rc=0 out=0 in=4096
435 event=401 phase=arg00_chunk_transfer rc=0 out=4096 in=0
436 event=402 phase=arg00_readback_verify rc=0 out=0 in=4096
437 event=403 phase=arg00_chunk_transfer rc=0 out=4096 in=0
438 event=404 phase=arg00_readback_verify rc=0 out=0 in=4096
439 event=405 phase=arg00_chunk_transfer rc=0 out=4096 in=0
440 event=406 phase=arg00_readback_verify rc=0 out=0 in=4096
441 event=407 phase=bank_pmac_prefix rc=0 out=16 in=0
442 event=408 phase=profile_tail_arg7f rc=0 out=3024 in=0
443 event=409 phase=arg00_chunk_transfer rc=0 out=4096 in=0
444 event=410 phase=arg00_readback_verify rc=0 out=0 in=4096
445 event=411 phase=arg00_chunk_transfer rc=0 out=4096 in=0
446 event=412 phase=arg00_readback_verify rc=0 out=0 in=4096
447 event=413 phase=arg00_chunk_transfer rc=0 out=4096 in=0
448 event=414 phase=arg00_readback_verify rc=0 out=0 in=4096
449 event=415 phase=arg00_chunk_transfer rc=0 out=4096 in=0
450 event=416 phase=arg00_readback_verify rc=0 out=0 in=4096
451 event=417 phase=arg00_chunk_transfer rc=0 out=4096 in=0
452 event=418 phase=arg00_readback_verify rc=0 out=0 in=4096
453 event=419 phase=arg00_chunk_transfer rc=0 out=4096 in=0
454 event=420 phase=arg00_readback_verify rc=0 out=0 in=4096
455 event=421 phase=arg00_chunk_transfer rc=0 out=4096 in=0
456 event=422 phase=arg00_readback_verify rc=0 out=0 in=4096
457 event=423 phase=arg00_chunk_transfer rc=0 out=4096 in=0
458 event=424 phase=arg00_readback_verify rc=0 out=0 in=4096
459 event=425 phase=arg00_chunk_transfer rc=0 out=4096 in=0
460 event=426 phase=arg00_readback_verify rc=0 out=0 in=4096
461 event=427 phase=arg00_chunk_transfer rc=0 out=4096 in=0
462 event=428 phase=arg00_readback_verify rc=0 out=0 in=4096
463 event=429 phase=arg00_chunk_transfer rc=0 out=4096 in=0
464 event=430 phase=arg00_readback_verify rc=0 out=0 in=4096
465 event=431 phase=arg00_chunk_transfer rc=0 out=4096 in=0
466 event=432 phase=arg00_readback_verify rc=0 out=0 in=4096
467 event=433 phase=arg00_chunk_transfer rc=0 out=4096 in=0
468 event=434 phase=arg00_readback_verify rc=0 out=0 in=4096
469 event=435 phase=arg00_chunk_transfer rc=0 out=4096 in=0
470 event=436 phase=arg00_readback_verify rc=0 out=0 in=4096
471 event=437 phase=arg00_chunk_transfer rc=0 out=4096 in=0
472 event=438 phase=arg00_readback_verify rc=0 out=0 in=4096
473 event=439 phase=arg00_chunk_transfer rc=0 out=4096 in=0
474 event=440 phase=arg00_readback_verify rc=0 out=0 in=4096
475 event=441 phase=bank_pmac_prefix rc=0 out=16 in=0
476 event=442 phase=profile_tail_arg7f rc=0 out=3024 in=0
477 event=443 phase=arg00_chunk_transfer rc=0 out=4096 in=0
478 event=444 phase=arg00_readback_verify rc=0 out=0 in=4096
479 event=445 phase=arg00_chunk_transfer rc=0 out=4096 in=0
480 event=446 phase=arg00_readback_verify rc=0 out=0 in=4096
481 event=447 phase=arg00_chunk_transfer rc=0 out=4096 in=0
482 event=448 phase=arg00_readback_verify rc=0 out=0 in=4096
483 event=449 phase=arg00_chunk_transfer rc=0 out=4096 in=0
484 event=450 phase=arg00_readback_verify rc=0 out=0 in=4096
485 event=451 phase=arg00_chunk_transfer rc=0 out=4096 in=0
486 event=452 phase=arg00_readback_verify rc=0 out=0 in=4096
487 event=453 phase=arg00_chunk_transfer rc=0 out=4096 in=0
488 event=454 phase=arg00_readback_verify rc=0 out=0 in=4096
489 event=455 phase=arg00_chunk_transfer rc=0 out=4096 in=0
490 event=456 phase=arg00_readback_verify rc=0 out=0 in=4096
491 event=457 phase=arg00_chunk_transfer rc=0 out=4096 in=0
492 event=458 phase=arg00_readback_verify rc=0 out=0 in=4096
493 event=459 phase=arg00_chunk_transfer rc=0 out=4096 in=0
494 event=460 phase=arg00_readback_verify rc=0 out=0 in=4096
495 event=461 phase=arg00_chunk_transfer rc=0 out=4096 in=0
496 event=462 phase=arg00_readback_verify rc=0 out=0 in=4096
497 event=463 phase=arg00_chunk_transfer rc=0 out=4096 in=0
498 event=464 phase=arg00_readback_verify rc=0 out=0 in=4096
499 event=465 phase=arg00_chunk_transfer rc=0 out=4096 in=0
500 event=466 phase=arg00_readback_verify rc=0 out=0 in=4096
501 event=467 phase=arg00_chunk_transfer rc=0 out=4096 in=0
502 event=468 phase=arg00_readback_verify rc=0 out=0 in=4096
503 event=469 phase=arg00_chunk_transfer rc=0 out=4096 in=0
504 event=470 phase=arg00_readback_verify rc=0 out=0 in=4096
505 event=471 phase=arg00_chunk_transfer rc=0 out=4096 in=0
506 event=472 phase=arg00_readback_verify rc=0 out=0 in=4096
507 event=473 phase=arg00_chunk_transfer rc=0 out=4096 in=0
508 event=474 phase=arg00_readback_verify rc=0 out=0 in=4096
509 event=475 phase=bank_pmac_prefix rc=0 out=16 in=0
510 event=476 phase=profile_tail_arg7f rc=0 out=3024 in=0
511 event=477 phase=arg00_chunk_transfer rc=0 out=4096 in=0
512 event=478 phase=arg00_readback_verify rc=0 out=0 in=4096
513 event=479 phase=arg00_chunk_transfer rc=0 out=4096 in=0
514 event=480 phase=arg00_readback_verify rc=0 out=0 in=4096
515 event=481 phase=arg00_chunk_transfer rc=0 out=4096 in=0
516 event=482 phase=arg00_readback_verify rc=0 out=0 in=4096
517 event=483 phase=arg00_chunk_transfer rc=0 out=4096 in=0
518 event=484 phase=arg00_readback_verify rc=0 out=0 in=4096
519 event=485 phase=arg00_chunk_transfer rc=0 out=4096 in=0
520 event=486 phase=arg00_readback_verify rc=0 out=0 in=4096
521 event=487 phase=arg00_chunk_transfer rc=0 out=4096 in=0
522 event=488 phase=arg00_readback_verify rc=0 out=0 in=4096
523 event=489 phase=arg00_chunk_transfer rc=0 out=4096 in=0
524 event=490 phase=arg00_readback_verify rc=0 out=0 in=4096
525 event=491 phase=arg00_chunk_transfer rc=0 out=4096 in=0
526 event=492 phase=arg00_readback_verify rc=0 out=0 in=4096
527 event=493 phase=arg00_chunk_transfer rc=0 out=4096 in=0
528 event=494 phase=arg00_readback_verify rc=0 out=0 in=4096
529 event=495 phase=arg00_chunk_transfer rc=0 out=4096 in=0
530 event=496 phase=arg00_readback_verify rc=0 out=0 in=4096
531 event=497 phase=arg00_chunk_transfer rc=0 out=4096 in=0
532 event=498 phase=arg00_readback_verify rc=0 out=0 in=4096
533 event=499 phase=arg00_chunk_transfer rc=0 out=4096 in=0
534 event=500 phase=arg00_readback_verify rc=0 out=0 in=4096
535 event=501 phase=arg00_chunk_transfer rc=0 out=4096 in=0
536 event=502 phase=arg00_readback_verify rc=0 out=0 in=4096
537 event=503 phase=arg00_chunk_transfer rc=0 out=4096 in=0
538 event=504 phase=arg00_readback_verify rc=0 out=0 in=4096
539 event=505 phase=arg00_chunk_transfer rc=0 out=4096 in=0
540 event=506 phase=arg00_readback_verify rc=0 out=0 in=4096
541 event=507 phase=arg00_chunk_transfer rc=0 out=4096 in=0
542 event=508 phase=arg00_readback_verify rc=0 out=0 in=4096
543 event=509 phase=bank_pmac_prefix rc=0 out=16 in=0
544 event=510 phase=pldsvuc_lock rc=0 out=0 in=0
wrote references/evidence/live/drive3-normal-hook-carryover-20260504T203335Z/50-stock-currentboot-recovery/liteon-currentboot-recovery-20260504T203705Z/recovery-result.json
events_sent=545
success=1
final_revision=LD5M
