## read first 17 sectors via sg_dd
rc=0
time to transfer data: 1.266048 secs at 0.03 MB/sec
17+0 records in
17+0 records out
20547fcfeb05e10b7f3d58b7b74c6cddee179f421fe3ed3a784e5b9067b30af2  references/evidence/live/drive3-router-cd-readonly-corrected-20260504T205514Z/20-read10-first17-lba0-count17.bin
## sector 0 prefix
00000000: 00 00 00 00 00 00 00 00 00 00 00 00 00 00 00 00  ................
00000010: 00 00 00 00 00 00 00 00 00 00 00 00 00 00 00 00  ................
00000020: 00 00 00 00 00 00 00 00 00 00 00 00 00 00 00 00  ................
00000030: 00 00 00 00 00 00 00 00 00 00 00 00 00 00 00 00  ................
00000040: 00 00 00 00 00 00 00 00 00 00 00 00 00 00 00 00  ................
00000050: 00 00 00 00 00 00 00 00 00 00 00 00 00 00 00 00  ................
00000060: 00 00 00 00 00 00 00 00 00 00 00 00 00 00 00 00  ................
00000070: 00 00 00 00 00 00 00 00 00 00 00 00 00 00 00 00  ................
## sector 16 prefix
00000000: 01 43 44 30 30 31 01 00 57 49 4e 33 32 20 20 20  .CD001..WIN32   
00000010: 20 20 20 20 20 20 20 20 20 20 20 20 20 20 20 20                  
00000020: 20 20 20 20 20 20 20 20 43 44 35 30 33 41 33 20          CD503A3 
00000030: 20 20 20 20 20 20 20 20 20 20 20 20 20 20 20 20                  
00000040: 20 20 20 20 20 20 20 20 00 00 00 00 00 00 00 00          ........
00000050: 91 83 00 00 00 00 83 91 00 00 00 00 00 00 00 00  ................
00000060: 00 00 00 00 00 00 00 00 00 00 00 00 00 00 00 00  ................
00000070: 00 00 00 00 00 00 00 00 01 00 00 01 01 00 00 01  ................
00000080: 00 08 08 00 ba 00 00 00 00 00 00 ba 13 00 00 00  ................
00000090: 00 00 00 00 00 00 00 14 00 00 00 00 22 00 17 00  ............"...
000000a0: 00 00 00 00 00 17 00 08 00 00 00 00 08 00 46 01  ..............F.
000000b0: 01 08 00 00 20 02 00 00 01 00 00 01 01 00 20 20  .... .........  
000000c0: 20 20 20 20 20 20 20 20 20 20 20 20 20 20 20 20                  
000000d0: 20 20 20 20 20 20 20 20 20 20 20 20 20 20 20 20                  
000000e0: 20 20 20 20 20 20 20 20 20 20 20 20 20 20 20 20                  
000000f0: 20 20 20 20 20 20 20 20 20 20 20 20 20 20 20 20                  
